2026-01-21::09:36:19::890	GetEligibleDriverDetailsSize                      :56  		Get eligible drivers Size started---------------------

2026-01-21::09:36:19::930	ADDL::getURLVersionJSON                           :2187	DEBUG	No Server Ip found

2026-01-21::09:36:19::930	ADDL::getURLVersionJSON                           :2198	DEBUG	No Servertype found

2026-01-21::09:36:19::941	getNewComponentsDetailsJsonURL                    :35  	DEBUG	No Server Ip found

2026-01-21::09:36:19::941	getNewComponentsDetailsJsonURL                    :43  	DEBUG	No Servertype found

2026-01-21::09:36:19::946	performNewComponentsJsonDownload                  :2039	DEBUG	Successfully waited for new data

2026-01-21::09:36:19::947	getNewComponentsDetailsJsonURL                    :35  	DEBUG	No Server Ip found

2026-01-21::09:36:19::947	getNewComponentsDetailsJsonURL                    :43  	DEBUG	No Servertype found

2026-01-21::09:36:19::948	ADDL::checkURLFormat                              :74  	DEBUG	No serverIp is found

2026-01-21::09:36:19::948	ADDL::downloadFileFromInternetIfUpdateAvaliable   :1607	DEBUG	hconnet - /drivers/installer/json/NewComponents.json

2026-01-21::09:36:19::948	ADDL::downloadFileFromInternetIfUpdateAvaliable   :1617	DEBUG	Setting INTERNET_OPTION_RECEIVE_TIMEOUT to 90000 milliseconds: Result = 1 0

2026-01-21::09:36:19::948	ADDL::downloadFileFromInternetIfUpdateAvaliable   :1621	DEBUG	Setting INTERNET_OPTION_SEND_TIMEOUT to 30000 milliseconds: Result = 1 0

2026-01-21::09:36:19::948	ADDL::downloadFileFromInternetIfUpdateAvaliable   :1623	DEBUG	Setting INTERNET_OPTION_RECEIVE_TIMEOUT to 30000 milliseconds: Result = 1 0

2026-01-21::09:36:20::021	ADDL::isVersionCompatible                         :751 	DEBUG	Inside local version.json parser

2026-01-21::09:36:20::021	ADDL::isVersionCompatible                         :866 	DEBUG	Downloading a file from server: . Download destination: C:\Users\SHUBHAM\AppData\Local//AMD_Common//addl_details.json

2026-01-21::09:36:20::030	ADDL::isVersionCompatible                         :986 	DEBUG	 addl version : 1.000000  --- dll has 1.000000 

2026-01-21::09:36:20::030	ADDL::validateInput                               :225 	DEBUG	 common library version  is compatible 

2026-01-21::09:36:20::030	ADDL::fillBuildInfoDetails                        :130 	DEBUG	Entered fillBuildInfo function to get the system and build details

2026-01-21::09:36:20::030	GetEligibleDriverDetailsSize                      :76  	DEBUG	BuildInfo details : is_consumer - 1, is_workstation - 0, is_win10 - 1, is_win7 - 0, is_legacy_eligible - 0,   isIcafe - 0, isFalcon - 0

2026-01-21::09:36:20::032	GetEligibleDriverDetailsSize                      :227 		INSIDE CONSUMER

2026-01-21::09:36:20::091	ADDL::ParseJSONfile                               :385 	DEBUG	file under checking C:\Users\SHUBHAM\AppData\Local//AMD_Common//DrvDldDetails_Consumer_WHQL_Win11.json

2026-01-21::09:36:20::091	ADDL::checkDownloadAccelaratorEligibility         :2352	DEBUG	Download Acceleration is eligible since the physical disk is an SSD and the CPU core count is >= 4

2026-01-21::09:36:20::095	ADDL::fillDriverInfoDetails                       :287 	DEBUG	No drivers found in the JSON file

2026-01-21::09:36:20::095	GetEligibleDriverDetailsSize                      :323 	DEBUG	Get eligible drivers size function ended

2026-01-21::09:36:20::095	GetEligibleDriverDetailsSize                      :330 	DEBUG	No AMD hardware found

2026-01-21::09:36:21::353	ADDL::downloadFileFromInternetIfUpdateAvaliable   :1660	DEBUG	Filesize of NewComponents.json is 25283. Modified 2025-12-16 14:37:50.000 UTC

2026-01-21::09:36:21::410	ADDL::downloadFileFromInternetIfUpdateAvaliable   :1696	DEBUG	Filesize of NewComponents.json is 25283. Modified 2025-12-16 14:37:50.000 UTC

2026-01-21::09:36:21::410	ADDL::downloadFileFromInternetIfUpdateAvaliable   :1700	DEBUG	Cached file up to date

2026-01-21::09:36:21::441	IsSmartBlurAvailableIMPL                          :2207		CheckIfToolIsAvaliable for AMD PrivacyView

2026-01-21::09:36:21::442	AdditionalApplications::CheckIfToolIsAvaliable    :665 		Check for display driver: 23 19 12 3

2026-01-21::09:36:21::442	AdditionalApplications::CheckIfToolIsAvaliable    :666 		min required driver: 22 10 0 0

2026-01-21::09:36:21::442	AdditionalApplications::CheckIfToolIsAvaliable    :667 		max required driver: 99 99 65535 65535

2026-01-21::09:36:29::696	getNewComponentsDetailsJsonURL                    :35  	DEBUG	No Server Ip found

2026-01-21::09:36:29::696	getNewComponentsDetailsJsonURL                    :43  	DEBUG	No Servertype found

2026-01-21::09:36:29::720	IsSmartBlurAvailableIMPL                          :2207		CheckIfToolIsAvaliable for AMD PrivacyView

2026-01-21::09:36:29::720	AdditionalApplications::CheckIfToolIsAvaliable    :665 		Check for display driver: 23 19 12 3

2026-01-21::09:36:29::720	AdditionalApplications::CheckIfToolIsAvaliable    :666 		min required driver: 22 10 0 0

2026-01-21::09:36:29::720	AdditionalApplications::CheckIfToolIsAvaliable    :667 		max required driver: 99 99 65535 65535

2026-01-21::09:36:35::993	getNewComponentsDetailsJsonURL                    :35  	DEBUG	No Server Ip found

2026-01-21::09:36:35::993	getNewComponentsDetailsJsonURL                    :43  	DEBUG	No Servertype found

2026-01-21::09:36:36::021	IsSmartBlurAvailableIMPL                          :2207		CheckIfToolIsAvaliable for AMD PrivacyView

2026-01-21::09:36:36::021	AdditionalApplications::CheckIfToolIsAvaliable    :665 		Check for display driver: 23 19 12 3

2026-01-21::09:36:36::021	AdditionalApplications::CheckIfToolIsAvaliable    :666 		min required driver: 22 10 0 0

2026-01-21::09:36:36::021	AdditionalApplications::CheckIfToolIsAvaliable    :667 		max required driver: 99 99 65535 65535

2026-01-21::10:44:22::751	getNewComponentsDetailsJsonURL                    :35  	DEBUG	No Server Ip found

2026-01-21::10:44:22::753	getNewComponentsDetailsJsonURL                    :43  	DEBUG	No Servertype found

2026-01-21::10:44:22::790	performNewComponentsJsonDownload                  :2039	DEBUG	Successfully waited for new data

2026-01-21::10:44:22::798	getNewComponentsDetailsJsonURL                    :35  	DEBUG	No Server Ip found

2026-01-21::10:44:22::798	getNewComponentsDetailsJsonURL                    :43  	DEBUG	No Servertype found

2026-01-21::10:44:22::817	ADDL::checkURLFormat                              :74  	DEBUG	No serverIp is found

2026-01-21::10:44:22::819	ADDL::downloadFileFromInternetIfUpdateAvaliable   :1607	DEBUG	hconnet - /drivers/installer/json/NewComponents.json

2026-01-21::10:44:22::829	ADDL::downloadFileFromInternetIfUpdateAvaliable   :1617	DEBUG	Setting INTERNET_OPTION_RECEIVE_TIMEOUT to 90000 milliseconds: Result = 1 0

2026-01-21::10:44:22::829	ADDL::downloadFileFromInternetIfUpdateAvaliable   :1621	DEBUG	Setting INTERNET_OPTION_SEND_TIMEOUT to 30000 milliseconds: Result = 1 0

2026-01-21::10:44:22::829	ADDL::downloadFileFromInternetIfUpdateAvaliable   :1623	DEBUG	Setting INTERNET_OPTION_RECEIVE_TIMEOUT to 30000 milliseconds: Result = 1 0

2026-01-21::10:44:30::082	ADDL::downloadFileFromInternetIfUpdateAvaliable   :1660	DEBUG	Filesize of NewComponents.json is 25283. Modified 2025-12-16 14:37:50.000 UTC

2026-01-21::10:44:30::083	ADDL::downloadFileFromInternetIfUpdateAvaliable   :1696	DEBUG	Filesize of NewComponents.json is 25283. Modified 2025-12-16 14:37:50.000 UTC

2026-01-21::10:44:30::083	ADDL::downloadFileFromInternetIfUpdateAvaliable   :1700	DEBUG	Cached file up to date

2026-01-21::10:44:30::119	IsSmartBlurAvailableIMPL                          :2207		CheckIfToolIsAvaliable for AMD PrivacyView

2026-01-21::10:44:30::121	AdditionalApplications::CheckIfToolIsAvaliable    :665 		Check for display driver: 23 19 12 3

2026-01-21::10:44:30::121	AdditionalApplications::CheckIfToolIsAvaliable    :666 		min required driver: 22 10 0 0

2026-01-21::10:44:30::121	AdditionalApplications::CheckIfToolIsAvaliable    :667 		max required driver: 99 99 65535 65535

2026-01-21::12:58:13::555	getNewComponentsDetailsJsonURL                    :35  	DEBUG	No Server Ip found

2026-01-21::12:58:13::557	getNewComponentsDetailsJsonURL                    :43  	DEBUG	No Servertype found

2026-01-21::12:58:13::573	performNewComponentsJsonDownload                  :2039	DEBUG	Successfully waited for new data

2026-01-21::12:58:13::575	getNewComponentsDetailsJsonURL                    :35  	DEBUG	No Server Ip found

2026-01-21::12:58:13::575	getNewComponentsDetailsJsonURL                    :43  	DEBUG	No Servertype found

2026-01-21::12:58:13::575	ADDL::checkURLFormat                              :74  	DEBUG	No serverIp is found

2026-01-21::12:58:13::577	ADDL::downloadFileFromInternetIfUpdateAvaliable   :1607	DEBUG	hconnet - /drivers/installer/json/NewComponents.json

2026-01-21::12:58:13::579	ADDL::downloadFileFromInternetIfUpdateAvaliable   :1617	DEBUG	Setting INTERNET_OPTION_RECEIVE_TIMEOUT to 90000 milliseconds: Result = 1 0

2026-01-21::12:58:13::579	ADDL::downloadFileFromInternetIfUpdateAvaliable   :1621	DEBUG	Setting INTERNET_OPTION_SEND_TIMEOUT to 30000 milliseconds: Result = 1 0

2026-01-21::12:58:13::581	ADDL::downloadFileFromInternetIfUpdateAvaliable   :1623	DEBUG	Setting INTERNET_OPTION_RECEIVE_TIMEOUT to 30000 milliseconds: Result = 1 0

2026-01-21::12:58:15::153	ADDL::downloadFileFromInternetIfUpdateAvaliable   :1660	DEBUG	Filesize of NewComponents.json is 25283. Modified 2025-12-16 14:37:50.000 UTC

2026-01-21::12:58:15::157	ADDL::downloadFileFromInternetIfUpdateAvaliable   :1696	DEBUG	Filesize of NewComponents.json is 25283. Modified 2025-12-16 14:37:50.000 UTC

2026-01-21::12:58:15::157	ADDL::downloadFileFromInternetIfUpdateAvaliable   :1700	DEBUG	Cached file up to date

2026-01-21::12:58:15::218	IsSmartBlurAvailableIMPL                          :2207		CheckIfToolIsAvaliable for AMD PrivacyView

2026-01-21::12:58:15::218	AdditionalApplications::CheckIfToolIsAvaliable    :665 		Check for display driver: 23 19 12 3

2026-01-21::12:58:15::218	AdditionalApplications::CheckIfToolIsAvaliable    :666 		min required driver: 22 10 0 0

2026-01-21::12:58:15::218	AdditionalApplications::CheckIfToolIsAvaliable    :667 		max required driver: 99 99 65535 65535

